
> workspace@0.0.0 build C:\Users\adyas\OneDrive\Desktop\Career-Compass
> pnpm run typecheck && pnpm -r --if-present run build


> workspace@0.0.0 typecheck C:\Users\adyas\OneDrive\Desktop\Career-Compass
> pnpm run typecheck:libs && pnpm -r --filter "./artifacts/**" --filter "./scripts" --if-present run typecheck


> workspace@0.0.0 typecheck:libs C:\Users\adyas\OneDrive\Desktop\Career-Compass
> tsc --build

Scope: 4 of 9 workspace projects
artifacts/api-server typecheck$ tsc -p tsconfig.json --noEmit
artifacts/mockup-sandbox typecheck$ tsc -p tsconfig.json --noEmit
artifacts/hiresync typecheck$ tsc -p tsconfig.json --noEmit
scripts typecheck$ tsc -p tsconfig.json --noEmit
scripts typecheck: Done
artifacts/api-server typecheck: src/routes/admin.ts(3,30): error TS2614: Module '"./auth.js"' has no exported member 'AuthRequest'. Did you mean to use 'import AuthRequest from "./auth.js"' instead?
artifacts/api-server typecheck: src/routes/alerts.ts(5,30): error TS2614: Module '"./auth.js"' has no exported member 'AuthRequest'. Did you mean to use 'import AuthRequest from "./auth.js"' instead?
artifacts/api-server typecheck: src/routes/applications.ts(5,30): error TS2614: Module '"./auth.js"' has no exported member 'AuthRequest'. Did you mean to use 'import AuthRequest from "./auth.js"' instead?
artifacts/api-server typecheck: src/routes/dashboard.ts(4,30): error TS2614: Module '"./auth.js"' has no exported member 'AuthRequest'. Did you mean to use 'import AuthRequest from "./auth.js"' instead?
artifacts/api-server typecheck: src/routes/jobs.ts(5,30): error TS2614: Module '"./auth.js"' has no exported member 'AuthRequest'. Did you mean to use 'import AuthRequest from "./auth.js"' instead?
artifacts/api-server typecheck: src/routes/jobs.ts(317,67): error TS2367: This comparison appears to be unintentional because the types '"fresher" | "junior" | "mid" | "senior" | "lead"' and '"any"' have no overlap.
artifacts/api-server typecheck: src/routes/notifications.ts(5,30): error TS2614: Module '"./auth.js"' has no exported member 'AuthRequest'. Did you mean to use 'import AuthRequest from "./auth.js"' instead?
artifacts/api-server typecheck: src/routes/profile.ts(5,30): error TS2614: Module '"./auth.js"' has no exported member 'AuthRequest'. Did you mean to use 'import AuthRequest from "./auth.js"' instead?
artifacts/api-server typecheck: src/routes/resume.ts(5,30): error TS2614: Module '"./auth.js"' has no exported member 'AuthRequest'. Did you mean to use 'import AuthRequest from "./auth.js"' instead?
artifacts/api-server typecheck: src/routes/saved-jobs.ts(5,30): error TS2614: Module '"./auth.js"' has no exported member 'AuthRequest'. Did you mean to use 'import AuthRequest from "./auth.js"' instead?
artifacts/api-server typecheck: Failed
C:\Users\adyas\OneDrive\Desktop\Career-Compass\artifacts\api-server:
ΓÇëERR_PNPM_RECURSIVE_RUN_FIRST_FAILΓÇë @workspace/api-server@0.0.0 typecheck: `tsc -p tsconfig.json --noEmit`
Exit status 2
ΓÇëELIFECYCLEΓÇë Command failed with exit code 2.
ΓÇëELIFECYCLEΓÇë Command failed with exit code 2.
