node.exe : npm warn Unknown 
project config 
"auto-install-peers". This 
will stop working in the next 
major version of npm.
At line:1 char:1
+ & "C:\Program 
Files\nodejs/node.exe" 
"C:\Program 
Files\nodejs/node_mo ...
+ ~~~~~~~~~~~~~~~~~~~~~~~~~~~~
~~~~~~~~~~~~~~~~~~~~~~~~~~~~~~
~~~~~~~~~~~
    + CategoryInfo          : 
    NotSpecified: (npm warn   
  Unknow...version of npm.:   
 String) [], RemoteExcepti    
on
    + FullyQualifiedErrorId : 
    NativeCommandError
 
npm warn Unknown project 
config 
"strict-peer-dependencies". 
This will stop working in the 
next major version of npm.
artifacts/api-server/src/routes/admin.ts(3,30): error TS2614: Module '"./auth.js"' has no exported member 'AuthRequest'. Did you mean to use 'import AuthRequest from "./auth.js"' instead?
artifacts/api-server/src/routes/alerts.ts(5,30): error TS2614: Module '"./auth.js"' has no exported member 'AuthRequest'. Did you mean to use 'import AuthRequest from "./auth.js"' instead?
artifacts/api-server/src/routes/applications.ts(5,30): error TS2614: Module '"./auth.js"' has no exported member 'AuthRequest'. Did you mean to use 'import AuthRequest from "./auth.js"' instead?
artifacts/api-server/src/routes/dashboard.ts(4,30): error TS2614: Module '"./auth.js"' has no exported member 'AuthRequest'. Did you mean to use 'import AuthRequest from "./auth.js"' instead?
artifacts/api-server/src/routes/jobs.ts(5,30): error TS2614: Module '"./auth.js"' has no exported member 'AuthRequest'. Did you mean to use 'import AuthRequest from "./auth.js"' instead?
artifacts/api-server/src/routes/jobs.ts(317,67): error TS2367: This comparison appears to be unintentional because the types '"fresher" | "junior" | "mid" | "senior" | "lead"' and '"any"' have no overlap.
artifacts/api-server/src/routes/notifications.ts(5,30): error TS2614: Module '"./auth.js"' has no exported member 'AuthRequest'. Did you mean to use 'import AuthRequest from "./auth.js"' instead?
artifacts/api-server/src/routes/profile.ts(5,30): error TS2614: Module '"./auth.js"' has no exported member 'AuthRequest'. Did you mean to use 'import AuthRequest from "./auth.js"' instead?
artifacts/api-server/src/routes/resume.ts(5,30): error TS2614: Module '"./auth.js"' has no exported member 'AuthRequest'. Did you mean to use 'import AuthRequest from "./auth.js"' instead?
artifacts/api-server/src/routes/saved-jobs.ts(5,30): error TS2614: Module '"./auth.js"' has no exported member 'AuthRequest'. Did you mean to use 'import AuthRequest from "./auth.js"' instead?
